Godot Engine v4.6.1.stable.official.14d19694e - https://godotengine.org

[   0% ] [90m[1mfirst_scan_filesystem[22m | Started 项目初始化 (5 steps)[39m[0m
[   0% ] [90m[1mfirst_scan_filesystem[22m | 正在扫描文件结构……[39m[0m
[  16% ] [90m[1mfirst_scan_filesystem[22m | 正在加载全局类名……[39m[0m
[  33% ] [90m[1mfirst_scan_filesystem[22m | 正在校验 GDExtension……[39m[0m
[  50% ] [90m[1mfirst_scan_filesystem[22m | 正在创建自动加载脚本……[39m[0m
[  66% ] [90m[1mfirst_scan_filesystem[22m | 正在初始化插件……[39m[0m
[  83% ] [90m[1mfirst_scan_filesystem[22m | 正在启动文件扫描……[39m[0m
[92m[ DONE ][39m [1mfirst_scan_filesystem[22m
[0m
[   0% ] [90m[1mupdate_scripts_classes[22m | Started 正在注册全局类…… (2 steps)[39m[0m
[   0% ] [90m[1mupdate_scripts_classes[22m | [39m[0m
[  33% ] [90m[1mupdate_scripts_classes[22m | [39m[0m
[92m[ DONE ][39m [1mupdate_scripts_classes[22m
[0m
[   0% ] [90m[1m_update_scan_actions[22m | Started 正在扫描动作…… (81 steps)[39m[0m
[   0% ] [90m[1m_update_scan_actions[22m | concept_machines.png[39m[0m
[   1% ] [90m[1m_update_scan_actions[22m | concept_relics.png[39m[0m
[   2% ] [90m[1m_update_scan_actions[22m | asset_buildings.png[39m[0m
[   3% ] [90m[1m_update_scan_actions[22m | asset_robots.png[39m[0m
[   4% ] [90m[1m_update_scan_actions[22m | asset_tiles.png[39m[0m
[   6% ] [90m[1m_update_scan_actions[22m | asset_tiles_v2.png[39m[0m
[   7% ] [90m[1m_update_scan_actions[22m | cogview_cat.png[39m[0m
[   8% ] [90m[1m_update_scan_actions[22m | cogview_cat_spritesheet.png[39m[0m
[   9% ] [90m[1m_update_scan_actions[22m | cogview_cave_machines.png[39m[0m
[  10% ] [90m[1m_update_scan_actions[22m | cogview_cave_relics.png[39m[0m
[  12% ] [90m[1m_update_scan_actions[22m | robot_detector.png[39m[0m
[  13% ] [90m[1m_update_scan_actions[22m | robot_marker.png[39m[0m
[  14% ] [90m[1m_update_scan_actions[22m | robot_miner.png[39m[0m
[  15% ] [90m[1m_update_scan_actions[22m | robot_opener.png[39m[0m
[  17% ] [90m[1m_update_scan_actions[22m | robot_opener_idle.png[39m[0m
[  18% ] [90m[1m_update_scan_actions[22m | robot_opener_move.png[39m[0m
[  19% ] [90m[1m_update_scan_actions[22m | robot_opener_turnaround.png[39m[0m
[  20% ] [90m[1m_update_scan_actions[22m | style_A_warm_pixel.png[39m[0m
[  21% ] [90m[1m_update_scan_actions[22m | style_B_cool_tech.png[39m[0m
[  23% ] [90m[1m_update_scan_actions[22m | style_C_dark_neon.png[39m[0m
[  24% ] [90m[1m_update_scan_actions[22m | style_D_cartoon.png[39m[0m
[  25% ] [90m[1m_update_scan_actions[22m | tile_floor_seamless.png[39m[0m
[  26% ] [90m[1m_update_scan_actions[22m | tile_rock_seamless.png[39m[0m
[  28% ] [90m[1m_update_scan_actions[22m | mine_cutaway.png[39m[0m
[  29% ] [90m[1m_update_scan_actions[22m | menu_emblem.png[39m[0m
[  30% ] [90m[1m_update_scan_actions[22m | robot_detector_idle.png[39m[0m
[  31% ] [90m[1m_update_scan_actions[22m | robot_detector_move.png[39m[0m
[  32% ] [90m[1m_update_scan_actions[22m | robot_marker_idle.png[39m[0m
[  34% ] [90m[1m_update_scan_actions[22m | robot_marker_move.png[39m[0m
[  35% ] [90m[1m_update_scan_actions[22m | robot_miner_idle.png[39m[0m
[  36% ] [90m[1m_update_scan_actions[22m | robot_miner_move.png[39m[0m
[  37% ] [90m[1m_update_scan_actions[22m | robot_opener_idle.png[39m[0m
[  39% ] [90m[1m_update_scan_actions[22m | robot_opener_move.png[39m[0m
[  40% ] [90m[1m_update_scan_actions[22m | cave_bg.png[39m[0m
[  41% ] [90m[1m_update_scan_actions[22m | deco_outer_sheet.png[39m[0m
[  42% ] [90m[1m_update_scan_actions[22m | deco_V2C_sheet.png[39m[0m
[  43% ] [90m[1m_update_scan_actions[22m | deco_V2M_sheet.png[39m[0m
[  45% ] [90m[1m_update_scan_actions[22m | deco_V2R_sheet.png[39m[0m
[  46% ] [90m[1m_update_scan_actions[22m | deco_V2_sheet.png[39m[0m
[  47% ] [90m[1m_update_scan_actions[22m | floor_V2.png[39m[0m
[  48% ] [90m[1m_update_scan_actions[22m | floor_V2C.png[39m[0m
[  50% ] [90m[1m_update_scan_actions[22m | floor_V2M.png[39m[0m
[  51% ] [90m[1m_update_scan_actions[22m | floor_V2R.png[39m[0m
[  52% ] [90m[1m_update_scan_actions[22m | frame_B.png[39m[0m
[  53% ] [90m[1m_update_scan_actions[22m | frame_BL.png[39m[0m
[  54% ] [90m[1m_update_scan_actions[22m | frame_BR.png[39m[0m
[  56% ] [90m[1m_update_scan_actions[22m | frame_L.png[39m[0m
[  57% ] [90m[1m_update_scan_actions[22m | frame_R.png[39m[0m
[  58% ] [90m[1m_update_scan_actions[22m | frame_T.png[39m[0m
[  59% ] [90m[1m_update_scan_actions[22m | frame_TL.png[39m[0m
[  60% ] [90m[1m_update_scan_actions[22m | frame_TR.png[39m[0m
[  62% ] [90m[1m_update_scan_actions[22m | special_base.png[39m[0m
[  63% ] [90m[1m_update_scan_actions[22m | special_collapse.png[39m[0m
[  64% ] [90m[1m_update_scan_actions[22m | special_flag.png[39m[0m
[  65% ] [90m[1m_update_scan_actions[22m | special_vein.png[39m[0m
[  67% ] [90m[1m_update_scan_actions[22m | wall_edge_B.png[39m[0m
[  68% ] [90m[1m_update_scan_actions[22m | wall_edge_L.png[39m[0m
[  69% ] [90m[1m_update_scan_actions[22m | wall_edge_R.png[39m[0m
[  70% ] [90m[1m_update_scan_actions[22m | wall_edge_T.png[39m[0m
[  71% ] [90m[1m_update_scan_actions[22m | wall_V2.png[39m[0m
[  73% ] [90m[1m_update_scan_actions[22m | wall_V2C.png[39m[0m
[  74% ] [90m[1m_update_scan_actions[22m | wall_V2M.png[39m[0m
[  75% ] [90m[1m_update_scan_actions[22m | wall_V2R.png[39m[0m
[  76% ] [90m[1m_update_scan_actions[22m | icon_base.png[39m[0m
[  78% ] [90m[1m_update_scan_actions[22m | icon_clock.png[39m[0m
[  79% ] [90m[1m_update_scan_actions[22m | icon_coin.png[39m[0m
[  80% ] [90m[1m_update_scan_actions[22m | icon_drone.png[39m[0m
[  81% ] [90m[1m_update_scan_actions[22m | icon_heart.png[39m[0m
[  82% ] [90m[1m_update_scan_actions[22m | icon_heart_empty.png[39m[0m
[  84% ] [90m[1m_update_scan_actions[22m | icon_ore.png[39m[0m
[  85% ] [90m[1m_update_scan_actions[22m | icon_robot_detector.png[39m[0m
[  86% ] [90m[1m_update_scan_actions[22m | icon_robot_marker.png[39m[0m
[  87% ] [90m[1m_update_scan_actions[22m | icon_robot_miner.png[39m[0m
[  89% ] [90m[1m_update_scan_actions[22m | icon_robot_opener.png[39m[0m
[  90% ] [90m[1m_update_scan_actions[22m | icon_star.png[39m[0m
[  91% ] [90m[1m_update_scan_actions[22m | icon_upgrade.png[39m[0m
[  92% ] [90m[1m_update_scan_actions[22m | btn_disabled.png[39m[0m
[  93% ] [90m[1m_update_scan_actions[22m | btn_hover.png[39m[0m
[  95% ] [90m[1m_update_scan_actions[22m | btn_normal.png[39m[0m
[  96% ] [90m[1m_update_scan_actions[22m | btn_pressed.png[39m[0m
[  97% ] [90m[1m_update_scan_actions[22m | panel_metal.png[39m[0m
[92m[ DONE ][39m [1m_update_scan_actions[22m
[0m
[   0% ] [90m[1mreimport[22m | Started 正在导入或重新导入资产 (1 steps)[39m[0m
[   0% ] [90m[1mreimport[22m | 正在准备重新导入文件……[39m[0m
[   0% ] [90m[1mreimport[22m | 正在执行重新导入的前置操作……[39m[0m
[   0% ] [90m[1mreimport[22m | mine_cutaway.png[39m[0m
[  50% ] [90m[1mreimport[22m | 正在结束资产导入……[39m[0m
[92m[ DONE ][39m [1mreimport[22m
[0m
[   0% ] [90m[1mreimport[22m | Started 正在导入或重新导入资产 (1 steps)[39m[0m
[   0% ] [90m[1mreimport[22m | 正在执行重新导入的后置操作……[39m[0m
[92m[ DONE ][39m [1mreimport[22m
[0m
[   0% ] [90m[1mloading_editor_layout[22m | Started 正在加载编辑器 (5 steps)[39m[0m
[   0% ] [90m[1mloading_editor_layout[22m | 正在加载编辑器布局……[39m[0m
[  16% ] [90m[1mloading_editor_layout[22m | 正在加载停靠面板……[39m[0m
[  33% ] [90m[1mloading_editor_layout[22m | 正在重新打开场景……[39m[0m
[  50% ] [90m[1mloading_editor_layout[22m | 正在加载中央编辑器布局……[39m[0m
[  66% ] [90m[1mloading_editor_layout[22m | 正在加载插件窗口布局……[39m[0m
[  83% ] [90m[1mloading_editor_layout[22m | 编辑器布局就绪。[39m[0m
[92m[ DONE ][39m [1mloading_editor_layout[22m
[0m
