Godot Engine v4.6.1.stable.official.14d19694e - https://godotengine.org

ERROR: Parameter "t" is null.
   at: texture_2d_get (./servers/rendering/dummy/storage/texture_storage.h:106)
   GDScript backtrace (most recent call first):
       [0] _capture (res://visual_v2/review/shot_runtime.gd:36)
       [1] _process (res://visual_v2/review/shot_runtime.gd:19)
SCRIPT ERROR: Cannot call method 'save_png' on a null value.
   at: _capture (res://visual_v2/review/shot_runtime.gd:38)
   GDScript backtrace (most recent call first):
       [0] _capture (res://visual_v2/review/shot_runtime.gd:38)
       [1] _process (res://visual_v2/review/shot_runtime.gd:19)
ERROR: Parameter "t" is null.
   at: texture_2d_get (./servers/rendering/dummy/storage/texture_storage.h:106)
   GDScript backtrace (most recent call first):
       [0] _capture (res://visual_v2/review/shot_runtime.gd:36)
       [1] _process (res://visual_v2/review/shot_runtime.gd:25)
SCRIPT ERROR: Cannot call method 'save_png' on a null value.
   at: _capture (res://visual_v2/review/shot_runtime.gd:38)
   GDScript backtrace (most recent call first):
       [0] _capture (res://visual_v2/review/shot_runtime.gd:38)
       [1] _process (res://visual_v2/review/shot_runtime.gd:25)
ERROR: Parameter "t" is null.
   at: texture_2d_get (./servers/rendering/dummy/storage/texture_storage.h:106)
   GDScript backtrace (most recent call first):
       [0] _capture (res://visual_v2/review/shot_runtime.gd:36)
       [1] _process (res://visual_v2/review/shot_runtime.gd:30)
SCRIPT ERROR: Cannot call method 'save_png' on a null value.
   at: _capture (res://visual_v2/review/shot_runtime.gd:38)
   GDScript backtrace (most recent call first):
       [0] _capture (res://visual_v2/review/shot_runtime.gd:38)
       [1] _process (res://visual_v2/review/shot_runtime.gd:30)
